4:4
-50 62 45 20
-62 77 65 7
-34 18 38 -21
4 49 14 -3
