6:6
22597 11040 -23070 -14052 -30927 -8001
86 298 568 553 860 135
-65 250 383 363 891 216
217 339 558 498 567 -9
-1728 -2362 -13081 -8278 -3686 3654
-126 13 403 403 668 171
