5:5
-25 -12 26 16 35
11 11 29 38 43
0 0 0 0 0
-5 -7 -34 -22 -11
32 58 34 37 74
